I'm sorry, but errors were detected in your script. Please correct the
errors listed below, and try again.


File "game/numeros1_40.rpy", line 42: expected menuitem
    $ texteResultatChance = TentezVotreChance()
    ^

Ren'Py Version: Ren'Py 7.3.5.606
Thu Nov 12 22:59:18 2020
